--
-- Blowfish cipher
--
<<<<<<< HEAD
-- ensure consistent test output regardless of the default bytea format
SET bytea_output TO escape;
-- some standard Blowfish testvalues
SELECT encode(encrypt(
decode('0000000000000000', 'hex'),
decode('0000000000000000', 'hex'),
'bf-ecb/pad:none'), 'hex');
ERROR:  encrypt error: Cipher cannot be initialized ?
SELECT encode(encrypt(
decode('ffffffffffffffff', 'hex'),
decode('ffffffffffffffff', 'hex'),
'bf-ecb/pad:none'), 'hex');
ERROR:  encrypt error: Cipher cannot be initialized ?
SELECT encode(encrypt(
decode('1000000000000001', 'hex'),
decode('3000000000000000', 'hex'),
'bf-ecb/pad:none'), 'hex');
ERROR:  encrypt error: Cipher cannot be initialized ?
SELECT encode(encrypt(
decode('1111111111111111', 'hex'),
decode('1111111111111111', 'hex'),
'bf-ecb/pad:none'), 'hex');
ERROR:  encrypt error: Cipher cannot be initialized ?
SELECT encode(encrypt(
decode('0123456789abcdef', 'hex'),
decode('fedcba9876543210', 'hex'),
'bf-ecb/pad:none'), 'hex');
ERROR:  encrypt error: Cipher cannot be initialized ?
SELECT encode(encrypt(
decode('01a1d6d039776742', 'hex'),
decode('fedcba9876543210', 'hex'),
'bf-ecb/pad:none'), 'hex');
ERROR:  encrypt error: Cipher cannot be initialized ?
SELECT encode(encrypt(
decode('ffffffffffffffff', 'hex'),
decode('0000000000000000', 'hex'),
'bf-ecb/pad:none'), 'hex');
ERROR:  encrypt error: Cipher cannot be initialized ?
-- setkey
SELECT encode(encrypt(
decode('fedcba9876543210', 'hex'),
decode('f0e1d2c3b4a5968778695a4b3c2d1e0f', 'hex'),
'bf-ecb/pad:none'), 'hex');
ERROR:  encrypt error: Cipher cannot be initialized ?
-- with padding
SELECT encode(encrypt(
decode('01234567890123456789', 'hex'),
decode('33443344334433443344334433443344', 'hex'),
'bf-ecb'), 'hex');
ERROR:  encrypt error: Cipher cannot be initialized ?
-- cbc
-- 28 bytes key
SELECT encode(encrypt(
decode('6b77b4d63006dee605b156e27403979358deb9e7154616d959f1652bd5', 'hex'),
decode('37363534333231204e6f77206973207468652074696d6520666f7220', 'hex'),
'bf-cbc'), 'hex');
ERROR:  encrypt error: Key was too big
-- 29 bytes key
SELECT encode(encrypt(
decode('6b77b4d63006dee605b156e27403979358deb9e7154616d959f1652bd5ff92cc', 'hex'),
decode('37363534333231204e6f77206973207468652074696d6520666f722000', 'hex'),
'bf-cbc'), 'hex');
ERROR:  encrypt error: Key was too big
-- blowfish-448
SELECT encode(encrypt(
decode('fedcba9876543210', 'hex'),
decode('f0e1d2c3b4a5968778695a4b3c2d1e0f001122334455667704689104c2fd3b2f584023641aba61761f1f1f1f0e0e0e0effffffffffffffff', 'hex'),
'bf-ecb/pad:none'), 'hex');
ERROR:  encrypt error: Key was too big
-- result: c04504012e4e1f53
-- empty data
select encode(encrypt('', 'foo', 'bf'), 'hex');
ERROR:  encrypt error: Cipher cannot be initialized ?
-- 10 bytes key
select encode(encrypt('foo', '0123456789', 'bf'), 'hex');
ERROR:  encrypt error: Cipher cannot be initialized ?
-- 22 bytes key
select encode(encrypt('foo', '0123456789012345678901', 'bf'), 'hex');
ERROR:  encrypt error: Key was too big
-- decrypt
select decrypt(encrypt('foo', '0123456', 'bf'), '0123456', 'bf');
ERROR:  encrypt error: Cipher cannot be initialized ?
-- iv
select encode(encrypt_iv('foo', '0123456', 'abcd', 'bf'), 'hex');
ERROR:  encrypt_iv error: Cipher cannot be initialized ?
select decrypt_iv(decode('95c7e89322525d59', 'hex'), '0123456', 'abcd', 'bf');
ERROR:  decrypt_iv error: Cipher cannot be initialized ?
-- long message
select encode(encrypt('Lets try a longer message.', '0123456789', 'bf'), 'hex');
ERROR:  encrypt error: Cipher cannot be initialized ?
select decrypt(encrypt('Lets try a longer message.', '0123456789', 'bf'), '0123456789', 'bf');
ERROR:  encrypt error: Cipher cannot be initialized ?
=======
-- some standard Blowfish testvalues
SELECT encrypt('\x0000000000000000', '\x0000000000000000', 'bf-ecb/pad:none');
ERROR:  encrypt error: Cipher cannot be initialized
SELECT encrypt('\xffffffffffffffff', '\xffffffffffffffff', 'bf-ecb/pad:none');
ERROR:  encrypt error: Cipher cannot be initialized
SELECT encrypt('\x1000000000000001', '\x3000000000000000', 'bf-ecb/pad:none');
ERROR:  encrypt error: Cipher cannot be initialized
SELECT encrypt('\x1111111111111111', '\x1111111111111111', 'bf-ecb/pad:none');
ERROR:  encrypt error: Cipher cannot be initialized
SELECT encrypt('\x0123456789abcdef', '\xfedcba9876543210', 'bf-ecb/pad:none');
ERROR:  encrypt error: Cipher cannot be initialized
SELECT encrypt('\x01a1d6d039776742', '\xfedcba9876543210', 'bf-ecb/pad:none');
ERROR:  encrypt error: Cipher cannot be initialized
SELECT encrypt('\xffffffffffffffff', '\x0000000000000000', 'bf-ecb/pad:none');
ERROR:  encrypt error: Cipher cannot be initialized
-- setkey
SELECT encrypt('\xfedcba9876543210', '\xf0e1d2c3b4a5968778695a4b3c2d1e0f', 'bf-ecb/pad:none');
ERROR:  encrypt error: Cipher cannot be initialized
-- with padding
SELECT encrypt('\x01234567890123456789', '\x33443344334433443344334433443344', 'bf-ecb');
ERROR:  encrypt error: Cipher cannot be initialized
-- cbc
-- 28 bytes key
SELECT encrypt('\x6b77b4d63006dee605b156e27403979358deb9e7154616d959f1652bd5',
               '\x37363534333231204e6f77206973207468652074696d6520666f7220',
               'bf-cbc');
ERROR:  encrypt error: Key was too big
-- 29 bytes key
SELECT encrypt('\x6b77b4d63006dee605b156e27403979358deb9e7154616d959f1652bd5ff92cc',
               '\x37363534333231204e6f77206973207468652074696d6520666f722000',
               'bf-cbc');
ERROR:  encrypt error: Key was too big
-- blowfish-448
SELECT encrypt('\xfedcba9876543210',
               '\xf0e1d2c3b4a5968778695a4b3c2d1e0f001122334455667704689104c2fd3b2f584023641aba61761f1f1f1f0e0e0e0effffffffffffffff',
               'bf-ecb/pad:none');
ERROR:  encrypt error: Key was too big
-- empty data
select encrypt('', 'foo', 'bf');
ERROR:  encrypt error: Cipher cannot be initialized
-- 10 bytes key
select encrypt('foo', '0123456789', 'bf');
ERROR:  encrypt error: Cipher cannot be initialized
-- 22 bytes key
select encrypt('foo', '0123456789012345678901', 'bf');
ERROR:  encrypt error: Key was too big
-- decrypt
select encode(decrypt(encrypt('foo', '0123456', 'bf'), '0123456', 'bf'), 'escape');
ERROR:  encrypt error: Cipher cannot be initialized
-- iv
select encrypt_iv('foo', '0123456', 'abcd', 'bf');
ERROR:  encrypt_iv error: Cipher cannot be initialized
select encode(decrypt_iv('\x95c7e89322525d59', '0123456', 'abcd', 'bf'), 'escape');
ERROR:  decrypt_iv error: Cipher cannot be initialized
-- long message
select encrypt('Lets try a longer message.', '0123456789', 'bf');
ERROR:  encrypt error: Cipher cannot be initialized
select encode(decrypt(encrypt('Lets try a longer message.', '0123456789', 'bf'), '0123456789', 'bf'), 'escape');
ERROR:  encrypt error: Cipher cannot be initialized
>>>>>>> REL_16_9
