--
-- Cast5 cipher
--
<<<<<<< HEAD
-- ensure consistent test output regardless of the default bytea format
SET bytea_output TO escape;
-- test vectors from RFC2144
-- 128 bit key
SELECT encode(encrypt(
decode('01 23 45 67 89 AB CD EF', 'hex'),
decode('01 23 45 67 12 34 56 78 23 45 67 89 34 56 78 9A', 'hex'),
'cast5-ecb/pad:none'), 'hex');
ERROR:  encrypt error: Cipher cannot be initialized ?
-- result: 23 8B 4F E5 84 7E 44 B2
-- 80 bit key
SELECT encode(encrypt(
decode('01 23 45 67 89 AB CD EF', 'hex'),
decode('01 23 45 67 12 34 56 78 23 45', 'hex'),
'cast5-ecb/pad:none'), 'hex');
ERROR:  encrypt error: Cipher cannot be initialized ?
-- result: EB 6A 71 1A 2C 02 27 1B
-- 40 bit key
SELECT encode(encrypt(
decode('01 23 45 67 89 AB CD EF', 'hex'),
decode('01 23 45 67 12', 'hex'),
'cast5-ecb/pad:none'), 'hex');
ERROR:  encrypt error: Cipher cannot be initialized ?
-- result: 7A C8 16 D1 6E 9B 30 2E
-- cbc
-- empty data
select encode(	encrypt('', 'foo', 'cast5'), 'hex');
ERROR:  encrypt error: Cipher cannot be initialized ?
-- 10 bytes key
select encode(	encrypt('foo', '0123456789', 'cast5'), 'hex');
ERROR:  encrypt error: Cipher cannot be initialized ?
-- decrypt
select decrypt(encrypt('foo', '0123456', 'cast5'), '0123456', 'cast5');
ERROR:  encrypt error: Cipher cannot be initialized ?
-- iv
select encode(encrypt_iv('foo', '0123456', 'abcd', 'cast5'), 'hex');
ERROR:  encrypt_iv error: Cipher cannot be initialized ?
select decrypt_iv(decode('384a970695ce016a', 'hex'),
                '0123456', 'abcd', 'cast5');
ERROR:  decrypt_iv error: Cipher cannot be initialized ?
-- long message
select encode(encrypt('Lets try a longer message.', '0123456789', 'cast5'), 'hex');
ERROR:  encrypt error: Cipher cannot be initialized ?
select decrypt(encrypt('Lets try a longer message.', '0123456789', 'cast5'), '0123456789', 'cast5');
ERROR:  encrypt error: Cipher cannot be initialized ?
=======
-- test vectors from RFC2144
-- 128 bit key
SELECT encrypt('\x0123456789ABCDEF', '\x0123456712345678234567893456789A', 'cast5-ecb/pad:none');
ERROR:  encrypt error: Cipher cannot be initialized
-- 80 bit key
SELECT encrypt('\x0123456789ABCDEF', '\x01234567123456782345', 'cast5-ecb/pad:none');
ERROR:  encrypt error: Cipher cannot be initialized
-- 40 bit key
SELECT encrypt('\x0123456789ABCDEF', '\x0123456712', 'cast5-ecb/pad:none');
ERROR:  encrypt error: Cipher cannot be initialized
-- cbc
-- empty data
select encrypt('', 'foo', 'cast5');
ERROR:  encrypt error: Cipher cannot be initialized
-- 10 bytes key
select encrypt('foo', '0123456789', 'cast5');
ERROR:  encrypt error: Cipher cannot be initialized
-- decrypt
select encode(decrypt(encrypt('foo', '0123456', 'cast5'), '0123456', 'cast5'), 'escape');
ERROR:  encrypt error: Cipher cannot be initialized
-- iv
select encrypt_iv('foo', '0123456', 'abcd', 'cast5');
ERROR:  encrypt_iv error: Cipher cannot be initialized
select encode(decrypt_iv('\x384a970695ce016a', '0123456', 'abcd', 'cast5'), 'escape');
ERROR:  decrypt_iv error: Cipher cannot be initialized
-- long message
select encrypt('Lets try a longer message.', '0123456789', 'cast5');
ERROR:  encrypt error: Cipher cannot be initialized
select encode(decrypt(encrypt('Lets try a longer message.', '0123456789', 'cast5'), '0123456789', 'cast5'), 'escape');
ERROR:  encrypt error: Cipher cannot be initialized
>>>>>>> REL_16_9
